Analyzing lib...                                                

warning - Unused import: '../enums/qr_type.dart' - lib\core\repositories\history_repository.dart:4:8 - unused_import
   info - The import of 'package:flutter/foundation.dart' is unnecessary because all of the used elements are also provided by the import of 'package:flutter/material.dart' - lib\features\generate\screens\generator_screen.dart:4:8 - unnecessary_import
   info - 'background' is deprecated and shouldn't be used. Use surface instead. This feature was deprecated after v3.18.0-0.1.pre - lib\features\generate\screens\generator_screen.dart:35:36 - deprecated_member_use
   info - 'background' is deprecated and shouldn't be used. Use surface instead. This feature was deprecated after v3.18.0-0.1.pre - lib\features\generate\screens\generator_screen.dart:133:36 - deprecated_member_use
   info - 'value' is deprecated and shouldn't be used. Use initialValue instead. This will set the initial value for the form field. This feature was deprecated after v3.33.0-1.0.pre - lib\features\generate\screens\generator_screen.dart:200:15 - deprecated_member_use
   info - 'Share' is deprecated and shouldn't be used. Use SharePlus instead - lib\features\generate\screens\generator_screen.dart:337:15 - deprecated_member_use
   info - 'shareXFiles' is deprecated and shouldn't be used. Use SharePlus.instance.share() instead - lib\features\generate\screens\generator_screen.dart:337:21 - deprecated_member_use
   info - 'withOpacity' is deprecated and shouldn't be used. Use .withValues() to avoid precision loss - lib\features\generate\screens\my_qr_screen.dart:281:39 - deprecated_member_use
   info - 'Share' is deprecated and shouldn't be used. Use SharePlus instead - lib\features\generate\screens\my_qr_screen.dart:439:13 - deprecated_member_use
   info - 'shareXFiles' is deprecated and shouldn't be used. Use SharePlus.instance.share() instead - lib\features\generate\screens\my_qr_screen.dart:439:19 - deprecated_member_use
   info - The import of 'dart:typed_data' is unnecessary because all of the used elements are also provided by the import of 'package:flutter/foundation.dart' - lib\features\history\screens\created_qr_modal_screen.dart:3:8 - unnecessary_import
   info - 'Share' is deprecated and shouldn't be used. Use SharePlus instead - lib\features\history\screens\created_qr_modal_screen.dart:167:13 - deprecated_member_use
   info - 'shareXFiles' is deprecated and shouldn't be used. Use SharePlus.instance.share() instead - lib\features\history\screens\created_qr_modal_screen.dart:167:19 - deprecated_member_use
   info - 'background' is deprecated and shouldn't be used. Use surface instead. This feature was deprecated after v3.18.0-0.1.pre - lib\features\history\screens\created_qr_modal_screen.dart:279:36 - deprecated_member_use
   info - 'background' is deprecated and shouldn't be used. Use surface instead. This feature was deprecated after v3.18.0-0.1.pre - lib\features\history\screens\created_qr_modal_screen.dart:281:38 - deprecated_member_use
   info - 'onBackground' is deprecated and shouldn't be used. Use onSurface instead. This feature was deprecated after v3.18.0-0.1.pre - lib\features\history\screens\created_qr_modal_screen.dart:289:54 - deprecated_member_use
warning - Unused import: 'dart:convert' - lib\features\history\screens\history_screen.dart:1:8 - unused_import
warning - Unused import: 'dart:io' - lib\features\history\screens\history_screen.dart:2:8 - unused_import
   info - The import of 'package:flutter/foundation.dart' is unnecessary because all of the used elements are also provided by the import of 'package:flutter/material.dart' - lib\features\history\screens\history_screen.dart:4:8 - unnecessary_import
   info - The import of 'package:flutter/rendering.dart' is unnecessary because all of the used elements are also provided by the import of 'package:flutter/material.dart' - lib\features\history\screens\history_screen.dart:6:8 - unnecessary_import
warning - Unused import: 'package:shared_preferences/shared_preferences.dart' - lib\features\history\screens\history_screen.dart:10:8 - unused_import
warning - Unused import: 'package:url_launcher/url_launcher.dart' - lib\features\history\screens\history_screen.dart:11:8 - unused_import
warning - Unused import: 'package:google_mobile_ads/google_mobile_ads.dart' - lib\features\history\screens\history_screen.dart:18:8 - unused_import
warning - Unused import: 'package:securescan/services/language_service.dart' - lib\features\history\screens\history_screen.dart:19:8 - unused_import
warning - The declaration '_parseWifiSsid' isn't referenced - lib\features\history\screens\history_screen.dart:89:11 - unused_element
warning - The declaration '_parseMecard' isn't referenced - lib\features\history\screens\history_screen.dart:99:23 - unused_element
   info - 'background' is deprecated and shouldn't be used. Use surface instead. This feature was deprecated after v3.18.0-0.1.pre - lib\features\history\screens\history_screen.dart:162:36 - deprecated_member_use
   info - 'background' is deprecated and shouldn't be used. Use surface instead. This feature was deprecated after v3.18.0-0.1.pre - lib\features\history\screens\history_screen.dart:164:38 - deprecated_member_use
   info - 'onBackground' is deprecated and shouldn't be used. Use onSurface instead. This feature was deprecated after v3.18.0-0.1.pre - lib\features\history\screens\history_screen.dart:206:45 - deprecated_member_use
   info - 'withOpacity' is deprecated and shouldn't be used. Use .withValues() to avoid precision loss - lib\features\history\screens\history_screen.dart:206:58 - deprecated_member_use
   info - 'onBackground' is deprecated and shouldn't be used. Use onSurface instead. This feature was deprecated after v3.18.0-0.1.pre - lib\features\history\screens\history_screen.dart:230:45 - deprecated_member_use
   info - 'withOpacity' is deprecated and shouldn't be used. Use .withValues() to avoid precision loss - lib\features\history\screens\history_screen.dart:230:58 - deprecated_member_use
   info - 'withOpacity' is deprecated and shouldn't be used. Use .withValues() to avoid precision loss - lib\features\history\screens\history_screen.dart:255:60 - deprecated_member_use
   info - 'withOpacity' is deprecated and shouldn't be used. Use .withValues() to avoid precision loss - lib\features\history\screens\history_screen.dart:295:58 - deprecated_member_use
   info - 'withOpacity' is deprecated and shouldn't be used. Use .withValues() to avoid precision loss - lib\features\history\screens\history_screen.dart:369:74 - deprecated_member_use
warning - The declaration '_showQrPreviewDialog' isn't referenced - lib\features\history\screens\history_screen.dart:421:8 - unused_element
   info - 'background' is deprecated and shouldn't be used. Use surface instead. This feature was deprecated after v3.18.0-0.1.pre - lib\features\history\screens\history_screen.dart:430:40 - deprecated_member_use
   info - 'onBackground' is deprecated and shouldn't be used. Use onSurface instead. This feature was deprecated after v3.18.0-0.1.pre - lib\features\history\screens\history_screen.dart:442:38 - deprecated_member_use
   info - 'withOpacity' is deprecated and shouldn't be used. Use .withValues() to avoid precision loss - lib\features\history\screens\history_screen.dart:506:48 - deprecated_member_use
warning - Unused import: 'package:font_awesome_flutter/font_awesome_flutter.dart' - lib\features\onboarding.screens\initial_permissions_screen.dart:3:8 - unused_import
warning - The value of the local variable 'textTheme' isn't used - lib\features\onboarding.screens\initial_permissions_screen.dart:94:11 - unused_local_variable
   info - 'withOpacity' is deprecated and shouldn't be used. Use .withValues() to avoid precision loss - lib\features\onboarding.screens\initial_permissions_screen.dart:192:57 - deprecated_member_use
   info - 'withOpacity' is deprecated and shouldn't be used. Use .withValues() to avoid precision loss - lib\features\onboarding.screens\initial_permissions_screen.dart:209:43 - deprecated_member_use
   info - The import of 'dart:ui' is unnecessary because all of the used elements are also provided by the import of 'package:flutter/material.dart' - lib\features\onboarding.screens\onboarding_screen.dart:1:8 - unnecessary_import
warning - Unused import: 'dart:async' - lib\features\onboarding.screens\onboarding_screen.dart:2:8 - unused_import
warning - Unused import: 'package:flutter/foundation.dart' - lib\features\onboarding.screens\onboarding_screen.dart:4:8 - unused_import
warning - Unused import: 'package:securescan/widgets/bottom_nav_shell.dart' - lib\features\onboarding.screens\onboarding_screen.dart:6:8 - unused_import
   info - 'withOpacity' is deprecated and shouldn't be used. Use .withValues() to avoid precision loss - lib\features\onboarding.screens\onboarding_screen.dart:213:49 - deprecated_member_use
   info - 'withOpacity' is deprecated and shouldn't be used. Use .withValues() to avoid precision loss - lib\features\onboarding.screens\onboarding_screen.dart:296:53 - deprecated_member_use
   info - 'withOpacity' is deprecated and shouldn't be used. Use .withValues() to avoid precision loss - lib\features\onboarding.screens\onboarding_screen.dart:327:65 - deprecated_member_use
warning - Unused import: 'dart:async' - lib\features\scan\screens\home_screen.dart:1:8 - unused_import
   info - The import of 'package:flutter/foundation.dart' is unnecessary because all of the used elements are also provided by the import of 'package:flutter/material.dart' - lib\features\scan\screens\home_screen.dart:3:8 - unnecessary_import
  error - Undefined name 'HistoryRepository' - lib\features\scan\screens\qr_result_screen.dart:95:13 - undefined_identifier
warning - The declaration '_looksLikeProductBarcode' isn't referenced - lib\features\scan\screens\qr_result_screen.dart:99:8 - unused_element
  error - Undefined name 'QrType' - lib\features\scan\screens\qr_result_screen.dart:122:44 - undefined_identifier
  error - Undefined name 'QrType' - lib\features\scan\screens\qr_result_screen.dart:123:48 - undefined_identifier
  error - Undefined name 'QrType' - lib\features\scan\screens\qr_result_screen.dart:124:46 - undefined_identifier
  error - Undefined name 'QrType' - lib\features\scan\screens\qr_result_screen.dart:125:46 - undefined_identifier
  error - Undefined name 'QrType' - lib\features\scan\screens\qr_result_screen.dart:126:45 - undefined_identifier
  error - Undefined name 'QrType' - lib\features\scan\screens\qr_result_screen.dart:127:46 - undefined_identifier
  error - Undefined name 'QrType' - lib\features\scan\screens\qr_result_screen.dart:128:49 - undefined_identifier
  error - Undefined name 'QrType' - lib\features\scan\screens\qr_result_screen.dart:129:44 - undefined_identifier
  error - Undefined name 'QrType' - lib\features\scan\screens\qr_result_screen.dart:131:45 - undefined_identifier
   info - 'withOpacity' is deprecated and shouldn't be used. Use .withValues() to avoid precision loss - lib\features\scan\screens\qr_result_screen.dart:164:35 - deprecated_member_use
   info - 'withOpacity' is deprecated and shouldn't be used. Use .withValues() to avoid precision loss - lib\features\scan\screens\qr_result_screen.dart:166:60 - deprecated_member_use
   info - 'withOpacity' is deprecated and shouldn't be used. Use .withValues() to avoid precision loss - lib\features\scan\screens\qr_result_screen.dart:220:29 - deprecated_member_use
   info - 'withOpacity' is deprecated and shouldn't be used. Use .withValues() to avoid precision loss - lib\features\scan\screens\qr_result_screen.dart:222:48 - deprecated_member_use
warning - The value of the local variable 'l10n' isn't used - lib\features\scan\screens\qr_result_screen.dart:246:11 - unused_local_variable
warning - The value of the local variable 'typeLabel' isn't used - lib\features\scan\screens\qr_result_screen.dart:247:11 - unused_local_variable
  error - The getter 'kind' isn't defined for the type 'HistoryItem' - lib\features\scan\screens\qr_result_screen.dart:255:29 - undefined_getter
   info - 'withOpacity' is deprecated and shouldn't be used. Use .withValues() to avoid precision loss - lib\features\scan\screens\qr_result_screen.dart:294:31 - deprecated_member_use
   info - 'withOpacity' is deprecated and shouldn't be used. Use .withValues() to avoid precision loss - lib\features\scan\screens\qr_result_screen.dart:296:50 - deprecated_member_use
  error - The getter 'kind' isn't defined for the type 'HistoryItem' - lib\features\scan\screens\qr_result_screen.dart:345:27 - undefined_getter
   info - 'withOpacity' is deprecated and shouldn't be used. Use .withValues() to avoid precision loss - lib\features\scan\screens\qr_result_screen.dart:455:53 - deprecated_member_use
   info - 'withOpacity' is deprecated and shouldn't be used. Use .withValues() to avoid precision loss - lib\features\scan\screens\qr_result_screen.dart:675:29 - deprecated_member_use
   info - 'withOpacity' is deprecated and shouldn't be used. Use .withValues() to avoid precision loss - lib\features\scan\screens\qr_result_screen.dart:677:48 - deprecated_member_use
   info - 'Share' is deprecated and shouldn't be used. Use SharePlus instead - lib\features\scan\screens\qr_result_screen.dart:738:11 - deprecated_member_use
   info - 'share' is deprecated and shouldn't be used. Use SharePlus.instance.share() instead - lib\features\scan\screens\qr_result_screen.dart:738:17 - deprecated_member_use
   info - 'Share' is deprecated and shouldn't be used. Use SharePlus instead - lib\features\scan\screens\qr_result_screen.dart:826:13 - deprecated_member_use
   info - 'shareXFiles' is deprecated and shouldn't be used. Use SharePlus.instance.share() instead - lib\features\scan\screens\qr_result_screen.dart:826:19 - deprecated_member_use
warning - Unused import: 'package:google_fonts/google_fonts.dart' - lib\features\scan\screens\scan_screen_qr.dart:14:8 - unused_import
warning - Unused import: 'package:securescan/features/generate/screens/generator_screen.dart' - lib\features\scan\screens\scan_screen_qr.dart:16:8 - unused_import
warning - Unused import: 'package:securescan/core/config/secrets.dart' - lib\features\scan\screens\scan_screen_qr.dart:19:8 - unused_import
warning - Unused import: 'package:securescan/core/models/history_item.dart' - lib\features\scan\screens\scan_screen_qr.dart:22:8 - unused_import
warning - Unused import: 'package:securescan/core/repositories/history_repository.dart' - lib\features\scan\screens\scan_screen_qr.dart:23:8 - unused_import
  error - The named parameter 'imageBytes' isn't defined - lib\features\scan\screens\scan_screen_qr.dart:169:7 - undefined_named_parameter
   info - 'withOpacity' is deprecated and shouldn't be used. Use .withValues() to avoid precision loss - lib\features\scan\screens\scan_screen_qr.dart:314:46 - deprecated_member_use
   info - 'withOpacity' is deprecated and shouldn't be used. Use .withValues() to avoid precision loss - lib\features\scan\screens\scan_screen_qr.dart:315:46 - deprecated_member_use
   info - 'withOpacity' is deprecated and shouldn't be used. Use .withValues() to avoid precision loss - lib\features\scan\screens\scan_screen_qr.dart:316:46 - deprecated_member_use
warning - Unused import: 'package:font_awesome_flutter/font_awesome_flutter.dart' - lib\features\settings\screens\permissions_screen.dart:4:8 - unused_import
warning - The value of the local variable 'isDark' isn't used - lib\features\settings\screens\permissions_screen.dart:90:11 - unused_local_variable
   info - 'withOpacity' is deprecated and shouldn't be used. Use .withValues() to avoid precision loss - lib\features\settings\screens\permissions_screen.dart:150:38 - deprecated_member_use
   info - 'withOpacity' is deprecated and shouldn't be used. Use .withValues() to avoid precision loss - lib\features\settings\screens\permissions_screen.dart:157:44 - deprecated_member_use
   info - 'withOpacity' is deprecated and shouldn't be used. Use .withValues() to avoid precision loss - lib\features\settings\screens\permissions_screen.dart:164:65 - deprecated_member_use
   info - 'onBackground' is deprecated and shouldn't be used. Use onSurface instead. This feature was deprecated after v3.18.0-0.1.pre - lib\features\settings\screens\permissions_screen.dart:181:40 - deprecated_member_use
   info - 'withOpacity' is deprecated and shouldn't be used. Use .withValues() to avoid precision loss - lib\features\settings\screens\permissions_screen.dart:187:50 - deprecated_member_use
   info - The import of 'package:flutter/foundation.dart' is unnecessary because all of the used elements are also provided by the import of 'package:flutter/material.dart' - lib\features\settings\screens\settings_screen.dart:3:8 - unnecessary_import
warning - Unused import: 'package:google_mobile_ads/google_mobile_ads.dart' - lib\features\settings\screens\settings_screen.dart:6:8 - unused_import
   info - The import of 'dart:ui' is unnecessary because all of the used elements are also provided by the import of 'package:flutter/foundation.dart' - lib\main.dart:4:8 - unnecessary_import
warning - Unused import: 'package:google_mobile_ads/google_mobile_ads.dart' - lib\main.dart:5:8 - unused_import
warning - Unused import: 'package:securescan/features/scan/screens/scan_screen_qr.dart' - lib\main.dart:10:8 - unused_import
  error - Undefined class 'StreamSubscription' - lib\services\call_manager.dart:15:3 - undefined_class
   info - 'withOpacity' is deprecated and shouldn't be used. Use .withValues() to avoid precision loss - lib\themes.dart:58:25 - deprecated_member_use
   info - 'background' is deprecated and shouldn't be used. Use surface instead. This feature was deprecated after v3.18.0-0.1.pre - lib\themes.dart:107:7 - deprecated_member_use
   info - 'onBackground' is deprecated and shouldn't be used. Use onSurface instead. This feature was deprecated after v3.18.0-0.1.pre - lib\themes.dart:108:7 - deprecated_member_use
   info - 'background' is deprecated and shouldn't be used. Use surface instead. This feature was deprecated after v3.18.0-0.1.pre - lib\themes.dart:156:7 - deprecated_member_use
   info - 'onBackground' is deprecated and shouldn't be used. Use onSurface instead. This feature was deprecated after v3.18.0-0.1.pre - lib\themes.dart:157:7 - deprecated_member_use
warning - Unused import: 'dart:typed_data' - lib\widgets\app_drawer.dart:3:8 - unused_import
warning - Unused import: 'package:securescan/core/enums/qr_type.dart' - lib\widgets\app_drawer.dart:18:8 - unused_import
warning - Unused import: 'package:securescan/core/models/history_item.dart' - lib\widgets\app_drawer.dart:19:8 - unused_import
   info - 'Share' is deprecated and shouldn't be used. Use SharePlus instead - lib\widgets\app_drawer.dart:66:130 - deprecated_member_use
   info - 'share' is deprecated and shouldn't be used. Use SharePlus.instance.share() instead - lib\widgets\app_drawer.dart:66:136 - deprecated_member_use
  error - The named parameter 'imageBytes' isn't defined - lib\widgets\app_drawer.dart:120:11 - undefined_named_parameter
warning - Unused import: 'package:google_mobile_ads/google_mobile_ads.dart' - lib\widgets\call_overlay_widget.dart:8:8 - unused_import
   info - 'Share' is deprecated and shouldn't be used. Use SharePlus instead - lib\widgets\call_overlay_widget.dart:97:13 - deprecated_member_use
   info - 'share' is deprecated and shouldn't be used. Use SharePlus.instance.share() instead - lib\widgets\call_overlay_widget.dart:97:19 - deprecated_member_use

flutter : 116 issues found. 
(ran in 8.2s)
At line:1 char:1
+ flutter analyze lib 
--no-pub > errors.txt 2>&1
+ ~~~~~~~~~~~~~~~~~~~~~~~~~~~
~~~~~~~~~~~~~~~~~~~
    + CategoryInfo           
   : NotSpecified: (116 iss  
  ues found. (ran in 8.2s)   
 :String) [], RemoteExcep    
tion
    + FullyQualifiedErrorId  
   : NativeCommandError
 
